[char] random_L16_seed1
16	1	PASS	0.002	0.005	0.653	0.263	0.004	0.012	0.300	0
[char] random_L16_seed2
16	2	PASS	0.002	0.005	0.615	0.260	0.004	0.012	0.318	0
[char] random_L16_seed3
16	3	PASS	0.002	0.005	0.696	0.265	0.004	0.012	0.297	0
[char] random_L16_seed4
16	4	PASS	0.002	0.005	0.615	0.260	0.004	0.013	0.323	0
[char] random_L16_seed5
16	5	PASS	0.002	0.005	0.645	0.256	0.004	0.012	0.307	0
[char] random_L32_seed1
32	1	PASS	0.002	0.005	0.648	0.255	0.004	0.012	0.313	0
[char] random_L32_seed2
32	2	PASS	0.002	0.005	0.653	0.254	0.003	0.012	0.320	0
[char] random_L32_seed3
32	3	PASS	0.002	0.005	0.619	0.266	0.004	0.014	0.367	0
[char] random_L32_seed4
32	4	PASS	0.002	0.005	0.670	0.256	0.004	0.011	0.294	0
[char] random_L32_seed5
32	5	PASS	0.002	0.005	0.620	0.246	0.004	0.013	0.331	0
[char] random_L64_seed1
64	1	PASS	0.002	0.005	0.608	0.259	0.004	0.016	0.421	0
[char] random_L64_seed2
64	2	PASS	0.002	0.005	0.627	0.265	0.004	0.015	0.385	0
[char] random_L64_seed3
64	3	PASS	0.002	0.005	0.649	0.258	0.004	0.014	0.350	0
[char] random_L64_seed4
64	4	PASS	0.002	0.005	0.619	0.259	0.004	0.013	0.339	0
[char] random_L64_seed5
64	5	PASS	0.002	0.005	0.628	0.262	0.004	0.015	0.390	0
[char] random_L128_seed1
128	1	PASS	0.002	0.005	0.636	0.275	0.004	0.014	0.348	0
[char] random_L128_seed2
128	2	PASS	0.002	0.005	0.638	0.271	0.004	0.017	0.428	0
[char] random_L128_seed3
128	3	PASS	0.002	0.005	0.646	0.259	0.004	0.014	0.369	0
[char] random_L128_seed4
128	4	PASS	0.002	0.005	0.650	0.261	0.004	0.016	0.398	0
[char] random_L128_seed5
128	5	PASS	0.002	0.005	0.650	0.270	0.004	0.015	0.381	0
[char] random_L256_seed1
256	1	PASS	0.002	0.005	0.662	0.273	0.004	0.017	0.441	0
[char] random_L256_seed2
256	2	PASS	0.002	0.005	0.681	0.263	0.004	0.018	0.460	0
[char] random_L256_seed3
256	3	PASS	0.002	0.005	0.687	0.245	0.004	0.015	0.376	0
[char] random_L256_seed4
256	4	PASS	0.002	0.005	0.689	0.252	0.004	0.016	0.419	0
[char] random_L256_seed5
256	5	PASS	0.002	0.005	0.667	0.256	0.004	0.016	0.401	0
Softmax quant-error characterization summary
spike logs found: 25
histogram parse OK: 25/25 (expected 25 configs)
histogram parse MISSING/MALFORMED: none

Pooled softmax |err| hist (ulps of QUANT_SCALE) across parsed logs:
  [0-0.5): 398780 (91.36%)
  [0.5-1): 37700 (8.64%)
  [1-2): 0 (0.00%)
  [2-4): 0 (0.00%)
  [4-8): 0 (0.00%)
  [8-16): 0 (0.00%)
  [16-32): 0 (0.00%)
  [32+): 0 (0.00%)
  total elems: 436480

PASS rows with parsed metrics: 25/25
soft_mae range [0.002000, 0.002000] mean=0.002000
soft_max range [0.005000, 0.005000]
soft_max_ulps range [0.608, 0.696]
final_max range [0.011000, 0.018000]
final_max_over_tol range [0.2940, 0.4600] (tol = 5×QUANT_SCALE = 5/128)
configs with n_over_tol>0: 0
OK report=/home/users/ah072084/chipyard/tmp_baseline_validation/softmax_err_char/report.tsv summary=/home/users/ah072084/chipyard/tmp_baseline_validation/softmax_err_char/SUMMARY.txt
