Transformer decoder baseline: L=32 D=16 D_FF=64 DIM=16
QUANT_SCALE=0.008, final tolerance=0.039 (5x scale)
Gold softmax float range: [0.024, 0.043], raw levels at QUANT_SCALE: [3.060, 5.440]
Q raw int8 range: [-123, 85]
K raw int8 range: [-128, 127] SATURATION DETECTED
V raw int8 range: [-17, 23]
Attention scores raw int8 range: [-35, 35]
Softmax weights raw int8 range: [3, 5]
Attention output raw int8 range: [-3, 2]
Output projection raw int8 range: [-1, 1]
Residual 1 raw int8 range: [-64, 64]
RMSNorm 1 raw int8 range: [-112, 99]
FFN up raw int8 range: [0, 23]
FFN down raw int8 range: [-5, 5]
Residual 2 raw int8 range: [-115, 97]
Final RMSNorm raw int8 range: [-115, 97]

Transformer decoder-block timing
QKV projections cycles: 970 (0%)
  Total MACs: 24576, Ideal cycles: 96, Utilization: 9%
Attention scores cycles: 329 (0%)
  Total MACs: 16384, Ideal cycles: 64, Utilization: 19%
Softmax cycles: 198582 (79%)
Attention output cycles: 326 (0%)
  Total MACs: 16384, Ideal cycles: 64, Utilization: 19%
Output projection cycles: 325 (0%)
  Total MACs: 8192, Ideal cycles: 32, Utilization: 9%
Residual add 1 cycles: 11569 (4%)
RMSNorm 1 cycles: 12953 (5%)
Feed-forward network cycles: 649 (0%)
  Total MACs: 65536, Ideal cycles: 256, Utilization: 39%
Residual add 2 cycles: 11569 (4%)
RMSNorm 2 cycles: 12952 (5%)
Total cycles: 250224 (100%)

Logical scratchpad/main-memory traffic estimate
X: elements=512, bytes/access=512, accesses=4, estimated bytes=2048
W_q: elements=256, bytes/access=256, accesses=1, estimated bytes=256
W_k: elements=256, bytes/access=256, accesses=1, estimated bytes=256
W_v: elements=256, bytes/access=256, accesses=1, estimated bytes=256
W_o: elements=256, bytes/access=256, accesses=1, estimated bytes=256
W_up: elements=1024, bytes/access=1024, accesses=1, estimated bytes=1024
W_down: elements=1024, bytes/access=1024, accesses=1, estimated bytes=1024
scores: elements=1024, bytes/access=1024, accesses=2, estimated bytes=2048
attention weights: elements=1024, bytes/access=1024, accesses=2, estimated bytes=2048
attention output: elements=512, bytes/access=512, accesses=2, estimated bytes=1024
FFN intermediate: elements=2048, bytes/access=2048, accesses=2, estimated bytes=4096
final output: elements=512, bytes/access=512, accesses=1, estimated bytes=512
PASS
Gemmini extension configured with:
    dim = 16
