Transformer decoder baseline: L=256 D=16 D_FF=64 DIM=16 PRNG_SEED=4 heads=1
input_case id=0 (random)
QUANT_SCALE=0.008, final tolerance=0.039 (5x scale), SKIP_GOLD=0
Q/K scale preflight: D=16 INPUT=64 QK_W=56
  ACC_SCALE_Q=0.006 ACC_SCALE_K=0.005 SCORE_SCALE=0.002 (QUANT/sqrt(D)) SCORE_DEQUANT=0.167 RMSNORM_GAIN=0.340
  theoretical 3-sigma int8: Q=148.104 K=131.058 headroom=108
input_case id=0 (random)
X@W_q raw-acc stats: mean=-16.946 std=4846.667 range=[-17935, 16760] ACC_SCALE=0.006 => est 3-sigma int8=86.724
X@W_k raw-acc stats: mean=61.880 std=4892.903 range=[-19880, 18849] ACC_SCALE=0.005 => est 3-sigma int8=77.475
Gold softmax float range: [0.000, 0.251], raw levels at QUANT_SCALE: [0.000, 32.071]
Q raw int8 range: [-107, 100] max_abs=107
K raw int8 range: [-105, 99] max_abs=105
V raw int8 range: [-19, 18] max_abs=19
Attention scores raw int8 range: [-34, 34] max_abs=34
Softmax weights raw int8 range: [0, 32] max_abs=32
Softmax logit stats (SCORE_DEQUANT): mean_entropy=5.039 ln(L)=5.545 mean_maxp=0.041 uniform_1/L=0.004
SOFTMAX_QUANT_ERR L=256 seed=4 n=65536 mae=0.002 max=0.005 max_ulps=0.689 mae_ulps=0.252 quant_scale=0.008 hist_ulps=[0-0.5)=59406 [0.5-1)=6130 [1-2)=0 [2-4)=0 [4-8)=0 [8-16)=0 [16-32)=0 [32+)=0 max_at=[54][24] gold=0.002 quant=0.008
Attention output raw int8 range: [-6, 6] max_abs=6
Output projection raw int8 range: [-2, 2] max_abs=2
Residual 1 raw int8 range: [-65, 65] max_abs=65
RMSNorm 1 raw int8 range: [-93, 110] max_abs=110
FFN up raw int8 range: [0, 22] max_abs=22
FFN down raw int8 range: [-5, 6] max_abs=6
Residual 2 raw int8 range: [-93, 112] max_abs=112
Final RMSNorm raw int8 range: [-94, 111] max_abs=111

Transformer decoder-block timing
QKV projections cycles: 2251 (0%)
  Total MACs: 196608, Ideal mac-cycles: 768
Attention scores cycles: 2213 (0%)
  Total MACs: 1048576, Ideal mac-cycles: 4096
Softmax cycles: 83905934 (99%)
Attention output cycles: 752 (0%)
  Total MACs: 1048576, Ideal mac-cycles: 4096
Output projection cycles: 751 (0%)
  Total MACs: 65536, Ideal mac-cycles: 256
Residual add 1 cycles: 82001 (0%)
RMSNorm 1 cycles: 117088 (0%)
Feed-forward network cycles: 1491 (0%)
  Total MACs: 524288, Ideal mac-cycles: 2048
Residual add 2 cycles: 82001 (0%)
RMSNorm 2 cycles: 117087 (0%)
Total cycles: 84311569 (100%)

GEMM hardware utilization (batched; counters inside stage timers)
stage                            wall    exe_act   loop_act    ideal  exe_busy  mesh_util
QKV projections                  2251       9071       8628      768      402%         8%
Attention scores                 2213      17420      19871     4096      787%        23%
Attention output                  752       3032       2956     4096      403%       135%
Output projection                 751       3010       3196      256      400%         8%
Feed-forward network             1491       7945       6633     2048      532%        25%

Logical scratchpad/main-memory traffic estimate
X: elements=4096, bytes/access=4096, accesses=4, estimated bytes=16384
W_q: elements=256, bytes/access=256, accesses=1, estimated bytes=256
W_k: elements=256, bytes/access=256, accesses=1, estimated bytes=256
W_v: elements=256, bytes/access=256, accesses=1, estimated bytes=256
W_o: elements=256, bytes/access=256, accesses=1, estimated bytes=256
W_up: elements=1024, bytes/access=1024, accesses=1, estimated bytes=1024
W_down: elements=1024, bytes/access=1024, accesses=1, estimated bytes=1024
scores: elements=65536, bytes/access=65536, accesses=2, estimated bytes=131072
attention weights: elements=65536, bytes/access=65536, accesses=2, estimated bytes=131072
attention output: elements=4096, bytes/access=4096, accesses=2, estimated bytes=8192
FFN intermediate: elements=16384, bytes/access=16384, accesses=2, estimated bytes=32768
final output: elements=4096, bytes/access=4096, accesses=1, estimated bytes=4096
FINAL_GOLD_ERR L=256 seed=4 n=4096 mae=0.004 max=0.016 tol=0.039 max_over_tol=0.419 n_over_tol=0 hist_tol=[0-0.25)=3973 [0.25-0.5)=123 [0.5-0.75)=0 [0.75-1)=0 [1-2)=0 [2-4)=0 [4-8)=0 [8+)=0
PASS
Gemmini extension configured with:
    dim = 16
