Transformer decoder baseline: L=256 D=16 D_FF=64 DIM=16 PRNG_SEED=5 heads=1
input_case id=0 (random)
QUANT_SCALE=0.008, final tolerance=0.039 (5x scale), SKIP_GOLD=0
Q/K scale preflight: D=16 INPUT=64 QK_W=56
  ACC_SCALE_Q=0.006 ACC_SCALE_K=0.005 SCORE_SCALE=0.002 (QUANT/sqrt(D)) SCORE_DEQUANT=0.167 RMSNORM_GAIN=0.340
  theoretical 3-sigma int8: Q=148.104 K=131.058 headroom=108
input_case id=0 (random)
X@W_q raw-acc stats: mean=26.529 std=4838.121 range=[-14613, 16493] ACC_SCALE=0.006 => est 3-sigma int8=86.572
X@W_k raw-acc stats: mean=252.254 std=5027.801 range=[-17886, 19001] ACC_SCALE=0.005 => est 3-sigma int8=79.611
Gold softmax float range: [0.000, 0.154], raw levels at QUANT_SCALE: [0.001, 19.769]
Q raw int8 range: [-87, 98] max_abs=98
K raw int8 range: [-94, 100] max_abs=100
V raw int8 range: [-23, 20] max_abs=23
Attention scores raw int8 range: [-32, 31] max_abs=32
Softmax weights raw int8 range: [0, 20] max_abs=20
Softmax logit stats (SCORE_DEQUANT): mean_entropy=5.062 ln(L)=5.545 mean_maxp=0.039 uniform_1/L=0.004
SOFTMAX_QUANT_ERR L=256 seed=5 n=65536 mae=0.002 max=0.005 max_ulps=0.667 mae_ulps=0.256 quant_scale=0.008 hist_ulps=[0-0.5)=58995 [0.5-1)=6541 [1-2)=0 [2-4)=0 [4-8)=0 [8-16)=0 [16-32)=0 [32+)=0 max_at=[96][33] gold=0.003 quant=0.008
Attention output raw int8 range: [-6, 6] max_abs=6
Output projection raw int8 range: [-3, 2] max_abs=3
Residual 1 raw int8 range: [-66, 65] max_abs=66
RMSNorm 1 raw int8 range: [-93, 90] max_abs=93
FFN up raw int8 range: [0, 22] max_abs=22
FFN down raw int8 range: [-5, 5] max_abs=5
Residual 2 raw int8 range: [-93, 91] max_abs=93
Final RMSNorm raw int8 range: [-93, 91] max_abs=93

Transformer decoder-block timing
QKV projections cycles: 2251 (0%)
  Total MACs: 196608, Ideal mac-cycles: 768
Attention scores cycles: 2213 (0%)
  Total MACs: 1048576, Ideal mac-cycles: 4096
Softmax cycles: 84554263 (99%)
Attention output cycles: 752 (0%)
  Total MACs: 1048576, Ideal mac-cycles: 4096
Output projection cycles: 751 (0%)
  Total MACs: 65536, Ideal mac-cycles: 256
Residual add 1 cycles: 82001 (0%)
RMSNorm 1 cycles: 117031 (0%)
Feed-forward network cycles: 1491 (0%)
  Total MACs: 524288, Ideal mac-cycles: 2048
Residual add 2 cycles: 82001 (0%)
RMSNorm 2 cycles: 117040 (0%)
Total cycles: 84959794 (100%)

GEMM hardware utilization (batched; counters inside stage timers)
stage                            wall    exe_act   loop_act    ideal  exe_busy  mesh_util
QKV projections                  2251       9071       8628      768      402%         8%
Attention scores                 2213      17420      19871     4096      787%        23%
Attention output                  752       3032       2956     4096      403%       135%
Output projection                 751       3010       3196      256      400%         8%
Feed-forward network             1491       7945       6633     2048      532%        25%

Logical scratchpad/main-memory traffic estimate
X: elements=4096, bytes/access=4096, accesses=4, estimated bytes=16384
W_q: elements=256, bytes/access=256, accesses=1, estimated bytes=256
W_k: elements=256, bytes/access=256, accesses=1, estimated bytes=256
W_v: elements=256, bytes/access=256, accesses=1, estimated bytes=256
W_o: elements=256, bytes/access=256, accesses=1, estimated bytes=256
W_up: elements=1024, bytes/access=1024, accesses=1, estimated bytes=1024
W_down: elements=1024, bytes/access=1024, accesses=1, estimated bytes=1024
scores: elements=65536, bytes/access=65536, accesses=2, estimated bytes=131072
attention weights: elements=65536, bytes/access=65536, accesses=2, estimated bytes=131072
attention output: elements=4096, bytes/access=4096, accesses=2, estimated bytes=8192
FFN intermediate: elements=16384, bytes/access=16384, accesses=2, estimated bytes=32768
final output: elements=4096, bytes/access=4096, accesses=1, estimated bytes=4096
FINAL_GOLD_ERR L=256 seed=5 n=4096 mae=0.004 max=0.016 tol=0.039 max_over_tol=0.401 n_over_tol=0 hist_tol=[0-0.25)=3958 [0.25-0.5)=138 [0.5-0.75)=0 [0.75-1)=0 [1-2)=0 [2-4)=0 [4-8)=0 [8+)=0
PASS
Gemmini extension configured with:
    dim = 16
